should render minimal values:
  1: |
    apiVersion: v1
    data:
      config.yaml: |
        default:
          base_href: /
          http:
            enabled: true
            port: 8080
          https:
            enabled: false
            port: 8443
            ssl_certificate: /var/run/secrets/tls/tls.crt
            ssl_certificate_key: /var/run/secrets/tls/tls.key
          spa_config:
            endpoints: {}
    kind: ConfigMap
    metadata:
      labels:
        app.kubernetes.io/component: frontend
        app.kubernetes.io/instance: default
        app.kubernetes.io/managed-by: Helm
        app.kubernetes.io/name: RELEASE-NAME
        app.kubernetes.io/version: latest
        helm.sh/chart: single-page-application-server-chart-0.0.0
      name: RELEASE-NAME
