should render pdb by default:
  1: |
    apiVersion: policy/v1
    kind: PodDisruptionBudget
    metadata:
      labels:
        app.kubernetes.io/component: frontend
        app.kubernetes.io/instance: default
        app.kubernetes.io/managed-by: Helm
        app.kubernetes.io/name: RELEASE-NAME
        app.kubernetes.io/version: latest
        helm.sh/chart: single-page-application-server-0.0.0
      name: RELEASE-NAME
    spec:
      maxUnavailable: 1
      selector:
        matchLabels:
          app.kubernetes.io/instance: default
          app.kubernetes.io/name: RELEASE-NAME
should render with minAvailable:
  1: |
    apiVersion: policy/v1
    kind: PodDisruptionBudget
    metadata:
      labels:
        app.kubernetes.io/component: frontend
        app.kubernetes.io/instance: default
        app.kubernetes.io/managed-by: Helm
        app.kubernetes.io/name: RELEASE-NAME
        app.kubernetes.io/version: latest
        helm.sh/chart: single-page-application-server-0.0.0
      name: RELEASE-NAME
    spec:
      minAvailable: 1
      selector:
        matchLabels:
          app.kubernetes.io/instance: default
          app.kubernetes.io/name: RELEASE-NAME
